// Jest Snapshot v1, https://goo.gl/fbAQLP

exports[`ClothingItemComponent shallowWrapper test Should pass snapshot test 1`] = `
ShallowWrapper {
  "complexSelector": ComplexSelector {
    "buildPredicate": [Function],
    "childrenOfNode": [Function],
    "findWhereUnwrapped": [Function],
  },
  "length": 1,
  "node": <div
    className="ClothingItemComponent"
>
    <Card>
        <Image
            alt="Black Tee"
            as="img"
            src="//via.placeholder.com/264x264"
            ui={true}
        />
        <CardContent>
            <Header
                as="h2"
                textAlign="center"
            >
                <NavLink
                    activeClassName="active"
                    ariaCurrent="true"
                    exact={true}
                    to="/products/undefined"
                >
                    Black Tee
                </NavLink>
            </Header>
            <Header
                as="h3"
                textAlign="center"
            >
                $24.99
            </Header>
            <Button
                as="button"
                className="add-to-cart-button"
                color="black"
                onClick={[Function]}
            >
                <NavLink
                    activeClassName="active"
                    ariaCurrent="true"
                    className="add-to-cart"
                    exact={true}
                    to="/cart"
                >
                    Add To Cart
                </NavLink>
            </Button>
        </CardContent>
    </Card>
</div>,
  "nodes": Array [
    <div
      className="ClothingItemComponent"
>
      <Card>
            <Image
                  alt="Black Tee"
                  as="img"
                  src="//via.placeholder.com/264x264"
                  ui={true}
            />
            <CardContent>
                  <Header
                        as="h2"
                        textAlign="center"
                  >
                        <NavLink
                              activeClassName="active"
                              ariaCurrent="true"
                              exact={true}
                              to="/products/undefined"
                        >
                              Black Tee
                        </NavLink>
                  </Header>
                  <Header
                        as="h3"
                        textAlign="center"
                  >
                        $24.99
                  </Header>
                  <Button
                        as="button"
                        className="add-to-cart-button"
                        color="black"
                        onClick={[Function]}
                  >
                        <NavLink
                              activeClassName="active"
                              ariaCurrent="true"
                              className="add-to-cart"
                              exact={true}
                              to="/cart"
                        >
                              Add To Cart
                        </NavLink>
                  </Button>
            </CardContent>
      </Card>
</div>,
  ],
  "options": Object {},
  "renderer": ReactShallowRenderer {
    "_instance": ShallowComponentWrapper {
      "_calledComponentWillUnmount": false,
      "_compositeType": 2,
      "_context": Object {},
      "_currentElement": <ClothingItemComponent
        addToCart={[Function]}
        item={
                Object {
                        "imageUrl": "//via.placeholder.com/264x264",
                        "name": "Black Tee",
                        "price": 24.99,
                      }
        }
/>,
      "_debugID": 1,
      "_hostContainerInfo": null,
      "_hostParent": null,
      "_instance": StatelessComponent {
        "_reactInternalInstance": [Circular],
        "context": Object {},
        "props": Object {
          "addToCart": [Function],
          "item": Object {
            "imageUrl": "//via.placeholder.com/264x264",
            "name": "Black Tee",
            "price": 24.99,
          },
        },
        "refs": Object {},
        "state": null,
        "updater": Object {
          "enqueueCallback": [Function],
          "enqueueCallbackInternal": [Function],
          "enqueueElementInternal": [Function],
          "enqueueForceUpdate": [Function],
          "enqueueReplaceState": [Function],
          "enqueueSetState": [Function],
          "isMounted": [Function],
          "validateCallback": [Function],
        },
      },
      "_mountOrder": 1,
      "_pendingCallbacks": null,
      "_pendingElement": null,
      "_pendingForceUpdate": false,
      "_pendingReplaceState": false,
      "_pendingStateQueue": null,
      "_renderedComponent": NoopInternalComponent {
        "_currentElement": <div
          className="ClothingItemComponent"
>
          <Card>
                    <Image
                              alt="Black Tee"
                              as="img"
                              src="//via.placeholder.com/264x264"
                              ui={true}
                    />
                    <CardContent>
                              <Header
                                        as="h2"
                                        textAlign="center"
                              >
                                        <NavLink
                                                  activeClassName="active"
                                                  ariaCurrent="true"
                                                  exact={true}
                                                  to="/products/undefined"
                                        >
                                                  Black Tee
                                        </NavLink>
                              </Header>
                              <Header
                                        as="h3"
                                        textAlign="center"
                              >
                                        $24.99
                              </Header>
                              <Button
                                        as="button"
                                        className="add-to-cart-button"
                                        color="black"
                                        onClick={[Function]}
                              >
                                        <NavLink
                                                  activeClassName="active"
                                                  ariaCurrent="true"
                                                  className="add-to-cart"
                                                  exact={true}
                                                  to="/cart"
                                        >
                                                  Add To Cart
                                        </NavLink>
                              </Button>
                    </CardContent>
          </Card>
</div>,
        "_debugID": 2,
        "_renderedOutput": <div
          className="ClothingItemComponent"
>
          <Card>
                    <Image
                              alt="Black Tee"
                              as="img"
                              src="//via.placeholder.com/264x264"
                              ui={true}
                    />
                    <CardContent>
                              <Header
                                        as="h2"
                                        textAlign="center"
                              >
                                        <NavLink
                                                  activeClassName="active"
                                                  ariaCurrent="true"
                                                  exact={true}
                                                  to="/products/undefined"
                                        >
                                                  Black Tee
                                        </NavLink>
                              </Header>
                              <Header
                                        as="h3"
                                        textAlign="center"
                              >
                                        $24.99
                              </Header>
                              <Button
                                        as="button"
                                        className="add-to-cart-button"
                                        color="black"
                                        onClick={[Function]}
                              >
                                        <NavLink
                                                  activeClassName="active"
                                                  ariaCurrent="true"
                                                  className="add-to-cart"
                                                  exact={true}
                                                  to="/cart"
                                        >
                                                  Add To Cart
                                        </NavLink>
                              </Button>
                    </CardContent>
          </Card>
</div>,
      },
      "_renderedNodeType": 0,
      "_rootNodeID": 0,
      "_topLevelWrapper": null,
      "_updateBatchNumber": null,
      "_warnedAboutRefsInRender": false,
    },
    "getRenderOutput": [Function],
    "render": [Function],
  },
  "root": [Circular],
  "unrendered": <ClothingItemComponent
    addToCart={[Function]}
    item={
        Object {
            "imageUrl": "//via.placeholder.com/264x264",
            "name": "Black Tee",
            "price": 24.99,
          }
    }
/>,
}
`;
